// Jest Snapshot v1, https://goo.gl/fbAQLP

exports[`matches snapshot reviewSent 1`] = `
<a
  class="req"
  href="/Review-sent"
>
   Send Request 
</a>
`;
