// Jest Snapshot v1, https://goo.gl/fbAQLP

exports[`matches snapshot review 1`] = `
<a
  class="req"
  href="/Review"
>
   Send Request 
</a>
`;
