// Jest Snapshot v1, https://goo.gl/fbAQLP

exports[`matches snapshot main 1`] = `
<a
  class="req"
  href="/Main"
>
   Send Request 
</a>
`;
