// Jest Snapshot v1, https://goo.gl/fbAQLP

exports[`matches snapshot splash 1`] = `
<a
  class="req"
  href="/Splash"
>
   Send Request 
</a>
`;
