// Jest Snapshot v1, https://goo.gl/fbAQLP

exports[`matches snapshot 1 1`] = `
<a
  class="req"
  href="/Form"
>
   Send Request 
</a>
`;
