// Jest Snapshot v1, https://goo.gl/fbAQLP

exports[`matches snapshot sent 1`] = `
<a
  class="req"
  href="/Sent"
>
   Send Request 
</a>
`;
